2021-03-11 22:34:55,664:INFO:flipkrat.py:Url hitted
2021-03-11 22:34:55,871:INFO:flipkrat.py:login popup handled
2021-03-11 22:34:56,219:INFO:flipkrat.py:Search begins
2021-03-11 22:34:59,039:INFO:flipkrat.py:Data saved in scrapper file
2021-03-11 22:35:58,120:INFO:flipkrat.py:Url hitted
2021-03-11 22:35:58,315:INFO:flipkrat.py:login popup handled
2021-03-11 22:35:58,591:INFO:flipkrat.py:Search begins
2021-03-11 22:36:01,400:INFO:flipkrat.py:Data saved in scrapper file
2021-03-11 22:36:23,309:INFO:flipkrat.py:Url hitted
2021-03-11 22:36:23,496:INFO:flipkrat.py:login popup handled
2021-03-11 22:36:23,770:INFO:flipkrat.py:Search begins
2021-03-11 22:36:33,418:INFO:flipkrat.py:Url hitted
2021-03-11 22:36:33,647:INFO:flipkrat.py:login popup handled
2021-03-11 22:36:34,002:INFO:flipkrat.py:Search begins
2021-03-11 22:36:36,914:INFO:flipkrat.py:Data saved in scrapper file
2021-03-11 22:37:59,845:INFO:flipkrat.py:Thread run completed
2021-03-12 18:10:07,996:INFO:flipkrat.py:Url hitted
2021-03-12 18:10:08,216:INFO:flipkrat.py:login popup handled
2021-03-12 18:10:08,649:INFO:flipkrat.py:Search begins for Nike
2021-03-12 18:10:15,835:INFO:flipkrat.py:Data saved in scrapper file
2021-03-12 18:21:17,976:INFO:flipkrat.py:Url hitted
2021-03-12 18:21:18,307:INFO:flipkrat.py:login popup handled
2021-03-12 18:21:18,661:INFO:flipkrat.py:Search begins for shorts
2021-03-12 18:21:45,120:INFO:flipkrat.py:Thread run completed
2021-03-12 18:51:46,598:INFO:flipkrat.py:Url hitted
2021-03-12 18:51:46,854:INFO:flipkrat.py:login popup handled
2021-03-12 18:51:47,148:INFO:flipkrat.py:Search begins for Nike
2021-03-12 18:51:52,934:INFO:flipkrat.py:Data saved in scrapper file
2021-03-12 18:59:13,412:INFO:flipkrat.py:Url hitted
2021-03-12 18:59:13,585:INFO:flipkrat.py:login popup handled
2021-03-12 18:59:13,871:INFO:flipkrat.py:Search begins for Nike
2021-03-12 18:59:20,027:INFO:flipkrat.py:Data saved in scrapper file
2021-03-12 19:05:39,138:INFO:flipkrat.py:Url hitted
2021-03-12 19:05:39,293:INFO:flipkrat.py:login popup handled
2021-03-12 19:05:39,627:INFO:flipkrat.py:Search begins for Saree
2021-03-12 19:05:45,435:INFO:flipkrat.py:Data saved in scrapper file
2021-03-12 19:48:30,551:INFO:flipkrat.py:Url hitted
2021-03-12 19:48:32,022:INFO:flipkrat.py:login popup handled
2021-03-12 19:48:33,971:INFO:flipkrat.py:Search begins for Nike
2021-03-12 19:48:39,271:INFO:flipkrat.py:Data saved in scrapper file
2021-03-12 19:52:16,469:INFO:flipkrat.py:Url hitted
2021-03-12 19:52:16,797:INFO:flipkrat.py:login popup handled
2021-03-12 19:52:17,244:INFO:flipkrat.py:Search begins for Nike
2021-03-12 19:52:19,627:INFO:flipkrat.py:Data saved in scrapper file
2021-03-12 22:38:31,082:INFO:flipkrat.py:Url hitted
2021-03-12 22:38:31,387:INFO:flipkrat.py:login popup handled
2021-03-12 22:38:31,835:INFO:flipkrat.py:Search begins for Nike
2021-03-12 22:38:38,080:INFO:flipkrat.py:Data saved in scrapper file
2021-08-01 15:16:07,847:INFO:flipkrat.py:Url hitted
2021-08-01 15:16:07,888:INFO:flipkrat.py:login popup handled
2021-08-01 15:16:07,981:INFO:flipkrat.py:Search begins for samsung
2021-08-01 15:16:09,936:INFO:flipkrat.py:Data saved in scrapper file
2021-08-01 15:17:33,103:INFO:flipkrat.py:Url hitted
2021-08-01 15:17:33,148:INFO:flipkrat.py:login popup handled
2021-08-01 15:17:33,252:INFO:flipkrat.py:Search begins for samsung
2021-08-01 15:17:36,074:INFO:flipkrat.py:data saved in scrapper file
2021-08-01 15:33:43,729:INFO:flipkrat.py:Url hitted
2021-08-01 15:33:43,797:INFO:flipkrat.py:login popup handled
2021-08-01 15:33:43,887:INFO:flipkrat.py:Search begins for samsung
2021-08-01 15:33:46,335:INFO:flipkrat.py:Data saved in scrapper file
2021-08-01 16:02:20,882:INFO:flipkrat.py:Url hitted
2021-08-01 16:02:20,978:INFO:flipkrat.py:login popup handled
2021-08-01 16:02:21,096:INFO:flipkrat.py:Search begins for samsung
2021-08-01 16:28:58,071:INFO:flipkrat.py:Url hitted
2021-08-01 16:28:58,144:INFO:flipkrat.py:login popup handled
2021-08-01 16:31:59,312:INFO:flipkrat.py:Url hitted
2021-08-01 16:31:59,384:INFO:flipkrat.py:login popup handled
2021-12-05 20:02:01,224:INFO:flipkrat.py:Url hitted
2021-12-05 20:02:01,966:INFO:flipkrat.py:login popup handled
2021-12-05 20:02:02,069:INFO:flipkrat.py:Search begins for samsung
2021-12-18 19:48:58,493:INFO:flipkrat.py:Url hitted
2021-12-18 19:48:58,541:INFO:flipkrat.py:login popup handled
2021-12-18 19:48:58,671:INFO:flipkrat.py:Search begins for iphone7
2021-12-24 19:56:51,895:INFO:flipkrat.py:Url hitted
2021-12-24 19:56:58,367:INFO:flipkrat.py:login popup handled
2021-12-24 19:56:59,644:INFO:flipkrat.py:Search begins for samsung
2021-12-25 06:41:31,756:INFO:flipkrat.py:Url hitted
2021-12-25 06:41:32,617:INFO:flipkrat.py:login popup handled
2021-12-25 06:41:34,439:INFO:flipkrat.py:Search begins for Techno
2022-01-07 09:34:27,836:INFO:WikiScrapper.py:Url hitted
2022-01-07 09:37:21,175:INFO:WikiScrapper.py:Url hitted
2022-01-07 09:42:34,203:INFO:WikiScrapper.py:Url hitted
2022-01-07 09:51:28,450:INFO:WikiScrapper.py:Url hitted
2022-01-07 09:54:32,250:INFO:WikiScrapper.py:Url hitted
2022-01-07 10:00:06,020:INFO:WikiScrapper.py:Url hitted
2022-01-07 10:03:43,682:INFO:WikiScrapper.py:Url hitted
2022-01-07 10:28:17,951:INFO:WikiScrapper.py:Url hitted
2022-01-07 10:28:35,341:INFO:WikiScrapper.py:Search begins for machinelearning
2022-01-07 10:50:27,817:INFO:WikiScrapper.py:Url hitted
2022-01-07 10:51:07,544:INFO:WikiScrapper.py:Search begins for samsung
2022-01-07 12:25:15,578:INFO:WikiScrapper.py:Url hitted
2022-01-07 12:25:26,142:INFO:WikiScrapper.py:Search begins for samsung
2022-01-07 12:57:28,469:INFO:WikiScrapper.py:Url hitted
2022-01-07 12:57:47,251:INFO:WikiScrapper.py:Search begins for samsung
2022-01-07 13:21:02,476:INFO:WikiScrapper.py:Url hitted
2022-01-07 13:21:18,225:INFO:WikiScrapper.py:Search begins for samsung
2022-01-07 13:31:45,141:INFO:WikiScrapper.py:Url hitted
2022-01-07 13:32:05,112:INFO:WikiScrapper.py:Search begins for samsung
2022-01-07 13:37:32,428:INFO:WikiScrapper.py:Url hitted
2022-01-07 13:38:24,886:INFO:WikiScrapper.py:Search begins for samsung
2022-01-07 13:55:05,891:INFO:WikiScrapper.py:Url hitted
2022-01-07 13:58:07,740:INFO:WikiScrapper.py:Search begins for samsung
2022-01-07 13:58:12,951:INFO:WikiScrapper.py:Url hitted
2022-01-07 14:02:39,510:INFO:WikiScrapper.py:Url hitted
2022-01-07 14:02:58,563:INFO:WikiScrapper.py:Search begins for samsung
2022-01-07 21:26:07,159:INFO:WikiScrapper.py:Url hitted
2022-01-07 21:30:01,088:INFO:WikiScrapper.py:Search begins for samsung
2022-01-07 21:45:52,066:INFO:WikiScrapper.py:Url hitted
2022-01-07 21:48:53,827:INFO:WikiScrapper.py:Search begins for samsung
